
Running 1 test using 1 worker

道 Video found: C:\Users\linhlinh\AppData\Roaming\boembo\downloads\tiktok\tiktok_7588158422642691349.mp4
根 Loaded 29 cookies

倹 Navigating to TikTok Studio upload page...
   Current URL: https://www.tiktok.com/tiktokstudio/upload?from=upload&lang=en

豆 Upload attempt 1/3...
node.exe : Test failed: pag
e.waitForSelector: Timeout 
15000ms exceeded.
発生場所 行:1 文字:1
+ & "C:\Program Files\nodej
s/node.exe" "C:\Program Fil
es\nodejs/node_mo ...
+ ~~~~~~~~~~~~~~~~~~~~~~~~~
~~~~~~~~~~~~~~~~~~~~~~~~~~~
~~~~~~~~~~~~~~~~~
    + CategoryInfo         
     : NotSpecified: (Tes  
  t failed: pa...000ms e   
 xceeded.:String) [], R    
emoteException
    + FullyQualifiedErrorI 
   d : NativeCommandError
 
Call log:
[2m  - waiting for locator
('input[type="file"]') to b
e visible[22m
[2m    34 ﾃ・locator resolv
ed to hidden <input type="f
ile" accept="video/*" class
="jsx-2995057667"/>[22m

    at [90mC:\boembo\[39m
tests\research-upload.spec.
ts:152:42 {
  name: [32m'TimeoutError'
[39m,
  [32mSymbol(step)[39m: {
    location: {
      file: [32m'C:\\boemb
o\\tests\\research-upload.s
pec.ts'[39m,
      line: [33m152[39m,
      column: [33m42[39m
    },
    category: [32m'pw:api'
[39m,
    title: [32m`Wait for s
elector locator('input[type
="file"]')`[39m,
    apiName: [32m'page.wai
tForSelector'[39m,
    params: { selector: [3
2m'input[type="file"]'[39m
, timeout: [33m15000[39m 
},
    group: [90mundefined[
39m,
    stepId: [32m'pw:api@46
'[39m,
    boxedStack: [90mundefi
ned[39m,
    steps: [],
    attachmentIndices: [],
    info: TestStepInfoImpl 
{
      annotations: [],
      _testInfo: [36m[Test
InfoImpl][39m,
      _stepId: [32m'pw:api
@46'[39m,
      _title: [32m`Wait fo
r selector locator('input[t
ype="file"]')`[39m,
      _parentStep: [90mund
efined[39m,
      skip: [36m[Function 
(anonymous)][39m
    },
    complete: [36m[Functio
n: complete][39m,
    endWallTime: [33m17709
77305247[39m,
    error: {
      message: [32m'Timeou
tError: page.waitForSelecto
r: Timeout 15000ms exceeded
.\n'[39m +
        [32m'Call log:\n'
[39m +
        [32m`\x1B[2m  - wa
iting for locator('input[ty
pe="file"]') to be visible\
x1B[22m\n`[39m +
        [32m'\x1B[2m    34
 ﾃ・locator resolved to hidd
en <input type="file" accep
t="video/*" class="jsx-2995
057667"/>\x1B[22m\n'[39m,
      stack: [32m'TimeoutE
rror: page.waitForSelector:
 Timeout 15000ms exceeded.\
n'[39m +
        [32m'Call log:\n'
[39m +
        [32m`\x1B[2m  - wa
iting for locator('input[ty
pe="file"]') to be visible\
x1B[22m\n`[39m +
        [32m'\x1B[2m    34
 ﾃ・locator resolved to hidd
en <input type="file" accep
t="video/*" class="jsx-2995
057667"/>\x1B[22m\n'[39m +
        [32m'\n'[39m +
        [32m'    at C:\\bo
embo\\tests\\research-uploa
d.spec.ts:152:42'[39m,
      cause: [90mundefined
[39m
    }
  }
}
萄 Screenshot saved: C:\boembo\tests\screenshots\ERROR_final_state.png
  笨・ 1 tests\research-upload.spec.ts:52:5 窶ｺ Research TikTok Upload Flow 窶・Robust Verification (21.0s)


  1) tests\research-upload.spec.ts:52:5 窶ｺ Research TikTok Upload Flow 窶・Robust Verification 笏笏笏笏笏笏笏笏

    TimeoutError: page.waitForSelector: Timeout 15000ms exceeded.
    Call log:
    [2m  - waiting for locator('input[type="file"]') to be visible[22m
    [2m    34 ﾃ・locator resolved to hidden <input type="file" accept="video/*" class="jsx-2995057667"/>[22m


      150 |             await dismissOverlays()
      151 |
    > 152 |             const fileInput = await page.waitForSelector('input[type="file"]', { timeout: 15000 })
          |                                          ^
      153 |             if (!fileInput) throw new Error('File input not found on upload page')
      154 |             await fileInput.setInputFiles(videoPath)
      155 |             console.log('  File selected')
        at C:\boembo\tests\research-upload.spec.ts:152:42

  1 failed
    tests\research-upload.spec.ts:52:5 窶ｺ Research TikTok Upload Flow 窶・Robust Verification 笏笏笏笏笏笏笏笏笏
